
> ionized-planetoid@0.1.0 build
> next build

Ôû▓ Next.js 16.1.6 (Turbopack)

  Creating an optimized production build ...
node.exe : 
At line:1 char:1
+ & "C:\Program Files\
nodejs/node.exe" 
"C:\Program 
Files\nodejs/node_mo 
...
+ ~~~~~~~~~~~~~~~~~~~~
~~~~~~~~~~~~~~~~~~~~~~
~~~~~~~~~~~~~~~~~~~~~~
~~~~~
    + CategoryInfo    
          : NotSpeci  
  fied: (:String) [   
 ], RemoteExceptio    
n
    + FullyQualifiedE 
   rrorId : NativeCo  
  mmandError
 
> Build error occurred
Error: Turbopack 
build failed with 1 
errors:
./src/app/globals.css
Error evaluating 
Node.js code
CssSyntaxError: 
C:\Users\Edward Magejo
\.gemini\antigravity\p
layground\ionized-plan
etoid\src\app\globals.
css:21:35: Missed 
semicolon
    at Input.error (no
de_modules/postcss/lib
/input.js:135:16) 
[C:\Users\Edward Magej
o\.gemini\antigravity\
playground\ionized-pla
netoid\.next\build\chu
nks\node_modules_fe693
df6._.js:4651:22]
    at Parser.checkMis
sedSemicolon (node_mod
ules/postcss/lib/parse
r.js:138:22) 
[C:\Users\Edward Magej
o\.gemini\antigravity\
playground\ionized-pla
netoid\.next\build\chu
nks\node_modules_fe693
df6._.js:5431:26]
    at Parser.decl (no
de_modules/postcss/lib
/parser.js:296:12) 
[C:\Users\Edward Magej
o\.gemini\antigravity\
playground\ionized-pla
netoid\.next\build\chu
nks\node_modules_fe693
df6._.js:5564:18]
    at Parser.other (n
ode_modules/postcss/li
b/parser.js:435:12) 
[C:\Users\Edward Magej
o\.gemini\antigravity\
playground\ionized-pla
netoid\.next\build\chu
nks\node_modules_fe693
df6._.js:5687:18]
    at Parser.parse (n
ode_modules/postcss/li
b/parser.js:472:16) 
[C:\Users\Edward Magej
o\.gemini\antigravity\
playground\ionized-pla
netoid\.next\build\chu
nks\node_modules_fe693
df6._.js:5716:26]
    at parse (node_mod
ules/postcss/lib/parse
.js:11:12) 
[C:\Users\Edward Magej
o\.gemini\antigravity\
playground\ionized-pla
netoid\.next\build\chu
nks\node_modules_fe693
df6._.js:5853:16]
    at new LazyResult 
(node_modules/postcss/
lib/lazy-result.js:165
:16) [C:\Users\Edward 
Magejo\.gemini\antigra
vity\playground\ionize
d-planetoid\.next\buil
d\chunks\node_modules_
fe693df6._.js:6105:24]
    at 
Processor.process (nod
e_modules/postcss/lib/
processor.js:53:14) 
[C:\Users\Edward Magej
o\.gemini\antigravity\
playground\ionized-pla
netoid\.next\build\chu
nks\node_modules_fe693
df6._.js:6572:20]
    at transform (turb
opack:///[turbopack-no
de]/transforms/postcss
.ts:70:51) 
[C:\Users\Edward Magej
o\.gemini\antigravity\
playground\ionized-pla
netoid\.next\build\chu
nks\[root-of-the-serve
r]__51225daf._.js:146:
52]
    at run (turbopack:
///[turbopack-node]/ip
c/evaluate.ts:92:29) 
[C:\Users\Edward Magej
o\.gemini\antigravity\
playground\ionized-pla
netoid\.next\build\chu
nks\[root-of-the-serve
r]__974941ed._.js:443:
37]

Import trace:
  Client Component 
Browser:
    
./src/app/globals.css 
[Client Component 
Browser]
    
./src/app/layout.tsx 
[Server Component]


    at transform (turb
opack:///[turbopack-no
de]/transforms/postcss
.ts:70:51) 
[C:\Users\Edward Magej
o\.gemini\antigravity\
playground\ionized-pla
netoid\.next\build\chu
nks\[root-of-the-serve
r]__51225daf._.js:146:
52])
    at run (turbopack:
///[turbopack-node]/ip
c/evaluate.ts:92:29) 
[C:\Users\Edward Magej
o\.gemini\antigravity\
playground\ionized-pla
netoid\.next\build\chu
nks\[root-of-the-serve
r]__974941ed._.js:443:
37])
